C51 COMPILER V9.00   TOGETHER                                                              09/26/2019 21:14:44 PAGE 1   


C51 COMPILER V9.00, COMPILATION OF MODULE TOGETHER
OBJECT MODULE PLACED IN together.OBJ
COMPILER INVOKED BY: F:\c51 keil\C51\BIN\C51.EXE together.c BROWSE DEBUG OBJECTEXTEND

line level    source

   1          
   2          #include<reg52.h>
   3          #include<intrins.h>             
   4          bit cmdArrived = 0; 
   5          /*********************LED*********************/  
   6          unsigned char cmdIndex,start1,start2,start3,start4,start5;//定义芯片锁存唯一缓存数据符号                                              
             -            //其1~5分别对应位移缓存器1~3与锁存器1~2
   7          unsigned char ST;
   8          sbit LE2=P3^7;//定义单片机数据引脚 573片2锁存引脚
   9          sbit LE1=P3^5;    //573片1锁存引脚
  10          sbit OE31=P3^4;   //573片1使能引脚
  11          sbit OE32=P3^6;   //573片2使能引脚
  12          sbit SCL1=P2^0;  //595第11引脚
  13          sbit SCL2=P2^1;  //595第12引脚
  14          sbit SDA1=P2^2;  //595第14引脚
  15          sbit OE=P2^5;    //595片1使能引脚
  16          sbit OE1=P2^4;   //595片2使能引脚
  17          sbit OE2=P2^3;   //595片3使能引脚
  18          unsigned char zkb,zkb2,zkb3,zkb4,zkb5;// 定义zkb占空比
  19          unsigned char t,t2,t3,t4,t5;//定灰度扫描时间线
  20          unsigned char k,r1,r2,r3,r4,r5; //定义位移缓存数据写入标志位
  21          unsigned char ce1,ce2,ce3,ce4;     //定义595片1数据写入变量
  22          unsigned char c2e1,c2e2,c2e3,c2e4; //定义595片2数据写入变量
  23          unsigned char c3e1,c3e2,c3e3,c3e4; //定义595片3数据写入变量
  24          unsigned char c4e1,c4e2,c4e3,c4e4; //定义573片1数据写入变量
  25          unsigned char c5e1,c5e2,c5e3,c5e4; //定义573片2数据写入变量
  26          unsigned char ys;
  27          /*********************动点*********************/
  28          unsigned char pin1,pin2,pin3,pin4,pin5,pin6;
  29          unsigned char ST;
  30          sbit SCL1d=P2^6;         //595第11引脚
  31          sbit SCL2d=P2^7;         //595第12引脚
  32          sbit SDA1d=P3^3;         //595第14引脚
  33          sbit OEd=P3^2;   //595片1使能引脚 
  34          /*sbit SCL1d=P0^7;       //595第11引脚
  35          sbit SCL2d=P0^6;         //595第12引脚
  36          sbit SDA1d=P0^5;         //595第14引脚
  37          sbit OEd=P0^4;   //595片1使能引脚 */
  38          unsigned char d1,d2,d3,d4,d5,d6; //定义位移缓存数据写入标志位
  39          unsigned char dz1,dz2,dz3,dz4;     //定义595片1数据写入变量
  40          unsigned char d2z1,d2z2,d2z3,d2z4; //定义595片2数据写入变量
  41          unsigned char d3z1,d3z2,d3z3,d3z4; //定义595片3数据写入变量
  42          unsigned char d4z1,d4z2,d4z3,d4z4; //定义573片1数据写入变量
  43          unsigned char d5z1,d5z2,d5z3,d5z4; //定义573片2数据写入变量
  44          unsigned char d6z1,d6z2,d6z3,d6z4; //定义573片2数据写入变量
  45          void init()  //初始化函数
  46            {
  47   1           TMOD|=0X01;//初始化定时器
  48   1               TH0=(65536-500)/256;    //初值配置
  49   1               TL0=(65536-500)%256;
  50   1               EA=1;                                   //开总中断
  51   1               ET0=1;                                  //定时/计数器T0中断允许
  52   1               TR0=1;                                  
  53   1        }
  54          void Delay10ms(unsigned int c)   //延时函数 误差 0us
C51 COMPILER V9.00   TOGETHER                                                              09/26/2019 21:14:44 PAGE 2   

  55          {
  56   1          unsigned char a, b;
  57   1          for (;c>0;c--)
  58   1              {
  59   2                      for (b=38;b>0;b--)
  60   2                      {
  61   3                              for (a=13;a>0;a--);
  62   3                      }
  63   2                 
  64   2              }
  65   1              
  66   1      }       
  67          void UsartConfiguration()
  68          {
  69   1              SCON=0X50;                      //设置为工作方式1
  70   1              TMOD|=0X20;                     //设置计数器工作方式2
  71   1              PCON=0X00;                      //波特率加倍 0x80波特率加倍
  72   1              TH1=0Xfd;                               //计数器初始值设置，注意波特率是9600的
  73   1              TL1=0Xfd;
  74   1              ES=1;                                           //打开接收中断
  75   1              EA=1;                                           //打开总中断
  76   1              TR1=1;                                          //打开计数器
  77   1              IP=0X10;
  78   1              PS=1;
  79   1      
  80   1       }
  81          
  82          /*********************LED*********************/ 
  83           void in(unsigned char Data)//位移缓存器数据输入函数
  84            {
  85   1      unsigned char i;
  86   1            for(i = 0; i < 8; i++)  //循环8次刚好移完8次
  87   1          {
  88   2             SCL1 = 0;
  89   2                 SCL2 = 0;        //移位寄存器控制端引脚置低    
  90   2             _nop_();
  91   2             if((Data & 0x80)== 0x80)
  92   2                  SDA1 =1;
  93   2             else
  94   2                 SDA1 =0;
  95   2       
  96   2             Data <<= 1;//将数据次高位移动到最高位
  97   2       
  98   2             SCL1 = 1;//在置为高，产生移位时钟上升沿，上升沿时数据寄存器的数据位移位
  99   2             _nop_();
 100   2                 _nop_();
 101   2                 SCL1 = 0;
 102   2           }
 103   1        }
 104           
 105          
 106          
 107          void out(void)//位移缓存器数据输出函数
 108            {
 109   1            SCL2 = 1;//先将存储寄存器引脚拉高
 110   1           _nop_();
 111   1               _nop_();
 112   1            SCL2 = 0;//再置高，产生移位时钟上升沿，上升沿时移位寄存器的数据进入数据存储寄存器，更新显示数据
 113   1        }
 114          void Usart() interrupt 4
 115          {
 116   1          if (RI) //接收到字节
C51 COMPILER V9.00   TOGETHER                                                              09/26/2019 21:14:44 PAGE 3   

 117   1          {                                                                                                                                              
 118   2                      cmdIndex = SBUF;  //数据接收（SBUF数据接收寄存器）
 119   2                      ce3 = SBUF;               //595片1数据接收
 120   2                      c2e3 = SBUF;      //595片2数据接收
 121   2                      c3e3 = SBUF;      //595片3数据接收
 122   2                      c4e3 = SBUF;      //573片1数据接收
 123   2                      c5e3 = SBUF;      //573片2数据接收
 124   2                  dz3 = SBUF;           //动点595片1数据接收
 125   2                      d2z3 = SBUF;      //动点595片2数据接收
 126   2                      d3z3 = SBUF;      //动点595片3数据接收
 127   2                      d4z3 = SBUF;      //动点573片1数据接收
 128   2                      d5z3 = SBUF;      //动点573片2数据接收
 129   2                      d6z3 = SBUF;      //动点573片2数据接收
 130   2                      ys = SBUF;
 131   2                      RI = 0;  //清零接收中断标志位
 132   2                      SBUF = cmdIndex;//将接收到的数据放入到发送寄存器
 133   2                      cmdArrived = 1;  
 134   2          }
 135   1          if (TI)//字节发送完
 136   1          {                                                                                                    
 137   2              TI = 0;//清零发送中断标志位
 138   2          }
 139   1      }
 140            void ind(unsigned char Data)//位移缓存器数据输入函数
 141            {
 142   1      unsigned char i;
 143   1            for(i = 0; i < 8; i++)  //循环8次刚好移完8次
 144   1          {
 145   2             SCL1d = 0;
 146   2                 SCL2d = 0;        //移位寄存器控制端引脚置低    
 147   2             _nop_();
 148   2             if((Data & 0x80)== 0x80)
 149   2                  SDA1d =1;
 150   2             else
 151   2                 SDA1d =0;
 152   2       
 153   2             Data <<= 1;//将数据次高位移动到最高位
 154   2       
 155   2             SCL1d = 1;//在置为高，产生移位时钟上升沿，上升沿时数据寄存器的数据位移位
 156   2             _nop_();
 157   2                 _nop_();
 158   2                 SCL1d = 0;
 159   2           }
 160   1        }
 161           
 162          
 163          
 164          void outd(void)//位移缓存器数据输出函数
 165            {
 166   1            SCL2d = 1;//先将存储寄存器引脚拉高
 167   1           _nop_();
 168   1               _nop_();
 169   1            SCL2d = 0;//再置高，产生移位时钟上升沿，上升沿时移位寄存器的数据进入数据存储寄存器，更新显示数据
 170   1        }
 171          void LEDinit() //LED初始化函数
 172          {
 173   1          zkb=10; //初始9片1化占空比
 174   1              zkb2=10;//初始9片2化占空比
 175   1              zkb3=10;//初始9片3化占空比
 176   1              zkb4=10;//初始3片1化占空比
 177   1              zkb5=10;//初始3片2化占空比                      
 178   1              ST=0;
C51 COMPILER V9.00   TOGETHER                                                              09/26/2019 21:14:44 PAGE 4   

 179   1          OE=0;//使能端清零
 180   1          OE1=0;
 181   1          OE2=0;
 182   1          OE31=0;
 183   1          OE32=0;
 184   1          IP=0X10;
 185   1              r1=0;//数据写入标志位清零
 186   1              r2=0;
 187   1              r3=0;
 188   1              ce2=0x00;        //写入变量清零
 189   1              ce4=0x00;
 190   1              c2e2=0x00;
 191   1              c2e4=0x00;
 192   1              c3e2=0x00;
 193   1              c3e4=0x00;
 194   1              c5e4=0xff;
 195   1              c4e4=0xff;
 196   1      }
 197          void PINinit()  //动点初始化函数
 198          {
 199   1              d1=0;//数据写入标志位清零
 200   1              d2=0;
 201   1              d3=0;    //写入变量清零
 202   1          d4=0;
 203   1          d5=0;
 204   1          d6=0;
 205   1              dz4=0xff;
 206   1              d2z4=0xff;
 207   1              d3z4=0xff;
 208   1              d4z4=0xff;
 209   1              d5z4=0xff;
 210   1              d6z4=0xff;      
 211   1      }
 212            void sleep()
 213          {
 214   1        OEd=0;
 215   1        ind(0xff);
 216   1        ind(0xff);
 217   1        ind(0xff);
 218   1        ind(0xff);
 219   1        ind(0xff);
 220   1        ind(0xff);
 221   1        outd();
 222   1      }
 223          
 224          
 225          void clear()
 226          {
 227   1          OEd=0;
 228   1          ind(0xff);
 229   1              ind(0xff);
 230   1          ind(0xff);
 231   1              ind(0xff);
 232   1          ind(0xff);
 233   1          ind(0xaa);
 234   1          outd();
 235   1          Delay10ms(7);
 236   1              ind(0xff);
 237   1              ind(0xff);
 238   1          ind(0xff);
 239   1          ind(0xff);
 240   1          ind(0xaa);
C51 COMPILER V9.00   TOGETHER                                                              09/26/2019 21:14:44 PAGE 5   

 241   1          ind(0xff);
 242   1          outd();
 243   1              Delay10ms(7);
 244   1              ind(0xff);
 245   1              ind(0xff);
 246   1          ind(0xff);
 247   1              ind(0xaa);
 248   1          ind(0xff);
 249   1          ind(0xff);
 250   1          outd();
 251   1          Delay10ms(7);
 252   1              ind(0xff);
 253   1              ind(0xff);
 254   1          ind(0xaa);
 255   1              ind(0xff);
 256   1          ind(0xff);
 257   1          ind(0xff);
 258   1          outd();
 259   1          Delay10ms(7);
 260   1          ind(0xff);
 261   1              ind(0x5a);
 262   1          ind(0xff);
 263   1              ind(0xff);
 264   1          ind(0xff);
 265   1          ind(0xff);
 266   1          outd();
 267   1          Delay10ms(7);
 268   1              ind(0x55);
 269   1              ind(0xff);
 270   1          ind(0xff);
 271   1              ind(0xff);
 272   1          ind(0xff);
 273   1          ind(0xff);
 274   1          outd();
 275   1          Delay10ms(7);       
 276   1      
 277   1              sleep();
 278   1      }       
 279          void main()
 280          {       
 281   1              in(0x00);
 282   1              in(0x00);
 283   1              in(0x00);
 284   1              out();
 285   1              k=0;//赋值595输入退出参数
 286   1              UsartConfiguration();//初始化计数器
 287   1              init();//初始化定时器
 288   1              LEDinit();
 289   1              PINinit();
 290   1              clear();
 291   1          Delay10ms(10);
 292   1              sleep();
 293   1              Delay10ms(10);
 294   1      
 295   1              while(1)
 296   1               {  
 297   2                if(cmdArrived)//进入中断，接受完数据且使得cmdIndex = SBUF后才执行
 298   2                      {
 299   3                        cmdArrived = 0;       
 300   3                              if(cmdIndex==0x38)//595区域一亮度减少
 301   3                            {
 302   4                                  k=0;
C51 COMPILER V9.00   TOGETHER                                                              09/26/2019 21:14:44 PAGE 6   

 303   4                                   if(k==0)
 304   4                                     {
 305   5                                       k++;
 306   5                                       if(zkb>0)
 307   5                                             {
 308   6                                               zkb--;
 309   6                                             }
 310   5                                      }        
 311   4                             }
 312   3              else if(cmdIndex==0x37)//595区域一亮度增加
 313   3                              {  
 314   4                       k=0;
 315   4                               if(k==0)
 316   4                               {
 317   5                                   if(zkb<20)
 318   5                                      {
 319   6                                         zkb++;
 320   6                                      }
 321   5                                }
 322   4                      
 323   4                              }
 324   3                              
 325   3                      
 326   3                  else if(cmdIndex==0x23)//595区二亮度减少
 327   3                            {
 328   4                                  k=0;
 329   4                                   if(k==0)
 330   4                                     {
 331   5                                       k++;
 332   5                                       if(zkb2>0)
 333   5                                             {
 334   6                                               zkb2--;
 335   6                                             }
 336   5                                      }        
 337   4                             }
 338   3              else if(cmdIndex==0x39)//595区域二亮度增加
 339   3                              {  
 340   4                       k=0;
 341   4                               if(k==0)
 342   4                               {
 343   5                                   if(zkb2<20)
 344   5                                      {
 345   6                                         zkb2++;
 346   6                                      }
 347   5                                }
 348   4                      
 349   4                              }
 350   3                              
 351   3                      else if(cmdIndex==0x25)//595区三亮度减少
 352   3                            {
 353   4                                  k=0;
 354   4                                   if(k==0)
 355   4                                     {
 356   5                                       k++;
 357   5                                       if(zkb3>0)
 358   5                                             {
 359   6                                               zkb3--;
 360   6                                             }
 361   5                                      }        
 362   4                             }
 363   3              else if(cmdIndex==0x3F)//595区域三亮度增加
 364   3                              {  
C51 COMPILER V9.00   TOGETHER                                                              09/26/2019 21:14:44 PAGE 7   

 365   4                       k=0;
 366   4                               if(k==0)
 367   4                               {
 368   5                                   if(zkb3<20)
 369   5                                      {
 370   6                                         zkb3++;
 371   6                                      }
 372   5                                }
 373   4                      
 374   4                              }                                       
 375   3                      else if(cmdIndex==0x2B)//573区域一亮度减少
 376   3                            {
 377   4                                  k=0;
 378   4                                   if(k==0)
 379   4                                     {
 380   5                                       k++;
 381   5                                       if(zkb4>0)
 382   5                                             {
 383   6                                               zkb4--;
 384   6                                             }
 385   5                                      }        
 386   4                             }
 387   3              else if(cmdIndex==0x36)//573区域一亮度增加
 388   3                              {  
 389   4                       k=0;
 390   4                               if(k==0)
 391   4                               {
 392   5                                   if(zkb4<20)
 393   5                                      {
 394   6                                         zkb4++;
 395   6                                      }
 396   5                                }
 397   4                      
 398   4                              }                                       
 399   3                      else if(cmdIndex==0x2E)//573区域二亮度减少
 400   3                            {
 401   4                                  k=0;
 402   4                                   if(k==0)
 403   4                                     {
 404   5                                       k++;
 405   5                                       if(zkb5>0)
 406   5                                             {
 407   6                                               zkb5--;
 408   6                                             }
 409   5                                      }        
 410   4                             }
 411   3              else if(cmdIndex==0x2c)//573区域二亮度增加
 412   3                              {  
 413   4                       k=0;
 414   4                               if(k==0)
 415   4                               {
 416   5                                   if(zkb5<20)
 417   5                                      {
 418   6                                         zkb5++;
 419   6                                      }
 420   5                                }
 421   4                      
 422   4                              }                               
 423   3                      else if(cmdIndex==0x7E)//灯整体亮灭              
 424   3                              {       
 425   4                      //              while(1)
 426   4                      //           {
C51 COMPILER V9.00   TOGETHER                                                              09/26/2019 21:14:44 PAGE 8   

 427   4                                                      ST=1;
 428   4                                               while(1&ST)
 429   4                                               {
 430   5                                       OE=1;
 431   5                                                       OE1=1;
 432   5                                                       OE2=1;
 433   5                                                       ET0=0; 
 434   5                      ST=0;
 435   5                                      
 436   5                           //  }              
 437   5                              }               }
 438   3                                      else if(cmdIndex==0x26)            //26点亮   7E熄灭
 439   3                                 {
 440   4                                                 
 441   4                                                      ST=1;
 442   4                                               while(1&ST)
 443   4                                               {
 444   5                                                        OE=0;
 445   5                                                        OE1=0;
 446   5                                                        OE2=0;
 447   5                                                        ET0=1;
 448   5                                                 ST=0;
 449   5                                                        break;
 450   5                                 }    
 451   4                                                 }
 452   3              else if(cmdIndex==0x30)//595区域一送数据
 453   3                  {
 454   4      
 455   4                               ST=1;
 456   4                               start1=0x00;
 457   4                               cmdIndex=0x00;
 458   4                               ce1=0x00;
 459   4                               ce3=0x00;
 460   4                               ce2=0x00;
 461   4      
 462   4                               start2=0x00;
 463   4                               c2e1=0x00;
 464   4                               c2e3=0x00;
 465   4                               c2e2=0x00;
 466   4      
 467   4                               start3=0x00;
 468   4                               c3e1=0x00;
 469   4                               c3e3=0x00;
 470   4                               c3e2=0x00;
 471   4                               while(1&ST)
 472   4                                {
 473   5                                  if(ce3>=0x01&&ce3<=0x08)
 474   5                                      {
 475   6                                       if(ce3==0x01)
 476   6                                       {
 477   7                                       ce1=0x01;
 478   7                                       ce2=ce4|ce1;
 479   7                                       ce4=ce2;
 480   7                                       ce3=0x00;
 481   7                                       }        
 482   6                                       if(ce3==0x02)
 483   6                                       {
 484   7                                       ce1=0x02;
 485   7                                       ce2=ce4|ce1;
 486   7                                       ce4=ce2;
 487   7                                       ce3=0x00;                                                               
 488   7                                       }
C51 COMPILER V9.00   TOGETHER                                                              09/26/2019 21:14:44 PAGE 9   

 489   6                                       if(ce3==0x03)
 490   6                                       {
 491   7                                       ce1=0x04;
 492   7                                       ce2=ce4|ce1;
 493   7                                       ce4=ce2;
 494   7                                       ce3=0x00;                                                               
 495   7                                       }
 496   6                                       if(ce3==0x04)
 497   6                                       {
 498   7                                       ce1=0x08;
 499   7                                       ce2=ce4|ce1;
 500   7                                       ce4=ce2;
 501   7                                       ce3=0x00;                                                               
 502   7                                       }
 503   6                                       if(ce3==0x05)
 504   6                                       {
 505   7                                       ce1=0x10;
 506   7                                       ce2=ce4|ce1;
 507   7                                       ce4=ce2;
 508   7                                       ce3=0x00;                                                               
 509   7                                       }
 510   6                                       if(ce3==0x06)
 511   6                                       {
 512   7                                       ce1=0x20;
 513   7                                       ce2=ce4|ce1;
 514   7                                       ce4=ce2;
 515   7                                       ce3=0x00;                                                               
 516   7                                       }
 517   6                                       if(ce3==0x07)
 518   6                                       {
 519   7                                       ce1=0x40;
 520   7                                       ce2=ce4|ce1;
 521   7                                       ce4=ce2;
 522   7                                       ce3=0x00;                               
 523   7                                       }
 524   6                                       if(ce3==0x08)
 525   6                                       {
 526   7                                       ce1=0x80;
 527   7                                       ce2=ce4|ce1;
 528   7                                       ce4=ce2;
 529   7                                       ce3=0x00;
 530   7                                       }
 531   6                                       }
 532   5                                      if(c2e3>=0x09&&c2e3<=0x16)
 533   5                                      {
 534   6                                      if(c2e3==0x09)
 535   6                                       {
 536   7                                       c2e1=0x01;
 537   7                                       c2e2=c2e4|c2e1;
 538   7                                       c2e4=c2e2;
 539   7                                       c2e3=0x00;
 540   7                                       }        
 541   6                                       if(c2e3==0x10)
 542   6                                       {
 543   7                                       c2e1=0x02;
 544   7                                       c2e2=c2e4|c2e1;
 545   7                                       c2e4=c2e2;
 546   7                                       c2e3=0x00;
 547   7                                       
 548   7                                       
 549   7                                       }
 550   6                                       if(ce3==0x11)
C51 COMPILER V9.00   TOGETHER                                                              09/26/2019 21:14:44 PAGE 10  

 551   6                                       {
 552   7                                       c2e1=0x04;
 553   7                                       c2e2=c2e4|c2e1;
 554   7                                       c2e4=c2e2;
 555   7                                       ce3=0x00;                                                               
 556   7                                       }
 557   6                                       if(c2e3==0x12)
 558   6                                       {
 559   7                                       c2e1=0x08;
 560   7                                       c2e2=c2e4|c2e1;
 561   7                                       c2e4=c2e2;
 562   7                                       c2e3=0x00;                                                              
 563   7                                       }
 564   6                                       if(c2e3==0x13)
 565   6                                       {c2e1=0x10;
 566   7                                       c2e2=c2e4|c2e1;
 567   7                                       c2e4=c2e2;
 568   7                                       c2e3=0x00;                                                              
 569   7                                       }
 570   6                                       if(c2e3==0x14)
 571   6                                       {
 572   7                                       c2e1=0x20;
 573   7                                       c2e2=c2e4|c2e1;
 574   7                                       c2e4=c2e2;
 575   7                                       c2e3=0x00;                                                              
 576   7                                       }
 577   6                                       if(c2e3==0x15)
 578   6                                       {c2e1=0x40;
 579   7                                       c2e2=c2e4|c2e1;
 580   7                                       c2e4=c2e2;
 581   7                                       c2e3=0x00;                                              
 582   7                                       }
 583   6                                       if(c2e3==0x16)
 584   6                                       {
 585   7                                       c2e1=0x80;
 586   7                                       c2e2=c2e4|c2e1;
 587   7                                       c2e4=c2e2;
 588   7                                       ce3=0x00;
 589   7                                       }                               
 590   6                                      }
 591   5                                      if(c3e3>=0x17&&c3e3<=0x19) 
 592   5                                      {
 593   6                                       if(c3e3==0x17)
 594   6                                       {
 595   7                                       c3e1=0x01;
 596   7                                       c3e2=c3e4|c3e1;
 597   7                                       c3e4=c3e2;
 598   7                                       c3e3=0x00;
 599   7                                       }        
 600   6                                       if(c3e3==0x18)
 601   6                                       {
 602   7                                       c3e1=0x02;
 603   7                                       c3e2=c3e4|c3e1;
 604   7                                       c3e4=c3e2;
 605   7                                       c3e3=0x00;                                                              
 606   7                                       }
 607   6                                       if(c3e3==0x19)
 608   6                                       {c3e1=0x04;
 609   7                                       c3e2=c3e4|c3e1;
 610   7                                       c3e4=c3e2;
 611   7                                       c3e3=0x00;                                                              
 612   7                                       }               
C51 COMPILER V9.00   TOGETHER                                                              09/26/2019 21:14:44 PAGE 11  

 613   6                                      }                                        
 614   5                                       start1=ce2;
 615   5                                       start2=c2e2;
 616   5                                       start3=c3e2; 
 617   5                     if(cmdIndex==0x33)                //
 618   5                                 {
 619   6                                 if(start1!=0x00)r1=1;
 620   6                                 if(start2!=0x00)r2=1;
 621   6                                 if(start3!=0x00)r3=1;
 622   6                                 ST=0;
 623   6                                 break;
 624   6                                 } 
 625   5                                }
 626   4                              }                 
 627   3                  else if(cmdIndex==0x33)     //行区域输入数据点亮
 628   3                  {
 629   4                                if(r1==0)start1=0x00;
 630   4                                if(r2==0)start2=0x00;
 631   4                                if(r3==0)start3=0x00;
 632   4                                ST=1;
 633   4                                while(1&ST)
 634   4                                 {
 635   5                      in(start3);
 636   5                                      in(start2);
 637   5                                      in(start1);
 638   5                                      out();
 639   5                                      start1=0x00;
 640   5                                      start2=0x00;
 641   5                                      start3=0x00;
 642   5                                      ce4=0x00;
 643   5                                  c2e4=0x00;
 644   5                                  c3e4=0x00;
 645   5                                      r1=0;
 646   5                                      r2=0;
 647   5                                      r3=0;
 648   5                                      ST=0;
 649   5                                  break;
 650   5                                }
 651   4                              }               
 652   3                       else if(cmdIndex==0x34)        //列区域送数据
 653   3                       {
 654   4                           ST=1;
 655   4                               start4=0xff;
 656   4                               cmdIndex=0x00;
 657   4                               c4e1=0xff;
 658   4                               c4e3=0x00;
 659   4                               c4e2=0xff;
 660   4      
 661   4                               start5=0xff;
 662   4                               c5e1=0xff;
 663   4                               c5e3=0x00;
 664   4                               c5e2=0xff;                      
 665   4      
 666   4                               while(1&ST)
 667   4                                {
 668   5                                 if(c4e3>=0x01&&c4e3<=0x08)
 669   5                                 {
 670   6                      if(c4e3==0x01)
 671   6                                       {c4e1=0xfe;
 672   7                                       c4e2=c4e4&c4e1;
 673   7                                       c4e4=c4e2;
 674   7                                       c4e3=0x00;
C51 COMPILER V9.00   TOGETHER                                                              09/26/2019 21:14:44 PAGE 12  

 675   7                                       }        
 676   6                                       if(c4e3==0x02)
 677   6                                       {c4e1=0xfd;
 678   7                                       c4e2=c4e4&c4e1;
 679   7                                       c4e4=c4e2;
 680   7                                       c4e3=0x00;
 681   7                                       
 682   7                                       
 683   7                                       }
 684   6                                       if(c4e3==0x03)
 685   6                                       {c4e1=0xfb;
 686   7                                       c4e2=c4e4&c4e1;
 687   7                                       c4e4=c4e2;
 688   7                                       c4e3=0x00;
 689   7                                       
 690   7                                       
 691   7                                       }
 692   6                                       if(c4e3==0x04)
 693   6                                       {c4e1=0xf7;
 694   7                                       c4e2=c4e4&c4e1;
 695   7                                       c4e4=c4e2;
 696   7                                       c4e3=0x00;
 697   7                                       
 698   7                                       
 699   7                                       }
 700   6                                       if(c4e3==0x05)
 701   6                                       {c4e1=0xef;
 702   7                                       c4e2=c4e4&c4e1;
 703   7                                       c4e4=c4e2;
 704   7                                       c4e3=0x00;
 705   7                                       
 706   7                                       
 707   7                                       }
 708   6                                       if(c4e3==0x06)
 709   6                                       {c4e1=0xdf;
 710   7                                       c4e2=c4e4&c4e1;
 711   7                                       c4e4=c4e2;
 712   7                                       c4e3=0x00;
 713   7                                       
 714   7                                       
 715   7                                       }
 716   6                                       if(c4e3==0x07)
 717   6                                       {c4e1=0xbf;
 718   7                                       c4e2=c4e4&c4e1;
 719   7                                       c4e4=c4e2;
 720   7                                       c4e3=0x00;
 721   7                       
 722   7                                       
 723   7                                       }
 724   6                                       if(c4e3==0x08)
 725   6                                       {c4e1=0x7f;
 726   7                                       c4e2=c4e4&c4e1;
 727   7                                       c4e4=c4e2;
 728   7                                       c4e3=0x00;
 729   7                                       }
 730   6                                      }       
 731   5                                      if(c5e3>=0x09&&c5e3<=0x12) 
 732   5                                      {
 733   6                                       if(c5e3==0x09)
 734   6                                       {c5e1=0xfe;
 735   7                                       c5e2=c5e4&c5e1;
 736   7                                       c5e4=c5e2;
C51 COMPILER V9.00   TOGETHER                                                              09/26/2019 21:14:44 PAGE 13  

 737   7                                       c5e3=0x00;
 738   7                                       }        
 739   6                                       if(c5e3==0x10)
 740   6                                       {c5e1=0xfd;
 741   7                                       c5e2=c5e4&c5e1;
 742   7                                       c5e4=c5e2;
 743   7                                       c5e3=0x00;
 744   7                                       
 745   7                                       
 746   7                                       }
 747   6                                       if(c5e3==0x11)
 748   6                                       {c5e1=0xfb;
 749   7                                       c5e2=c5e4&c5e1;
 750   7                                       c5e4=c5e2;
 751   7                                       c5e3=0x00;
 752   7                                       
 753   7                                       
 754   7                                       }
 755   6                                       if(c5e3==0x12)
 756   6                                       {c5e1=0xf7;
 757   7                                       c5e2=c5e4&c5e1;
 758   7                                       c5e4=c5e2;
 759   7                                       c5e3=0x00;
 760   7                                       
 761   7                                       
 762   7                                       }
 763   6                                      }                        
 764   5                                       start4=c4e2;
 765   5                                       start5=c5e2;
 766   5                       if(cmdIndex==0x41)
 767   5                                 {
 768   6                                 if(start4!=0xff)r4=1;
 769   6                                 if(start5!=0xff)r5=1;
 770   6                                 ST=0;
 771   6                                 break;
 772   6                                 } 
 773   5                                }     
 774   4                                  
 775   4      
 776   4                       }       
 777   3      
 778   3                      else if(cmdIndex==0x41)         //573点亮  
 779   3                      {
 780   4                    if(r4==0)start4=0xff;
 781   4                                if(r5==0)start5=0xff;
 782   4                                ST=1;
 783   4                                while(1&ST)
 784   4                                 {
 785   5                                       LE2=0; //列区域一
 786   5                                       LE1=1;
 787   5                                       P1 = start4;
 788   5                                       LE1=0;
 789   5      
 790   5                       LE2=1; //列区域二
 791   5                                       LE1=0;
 792   5                                       P1 =start5;
 793   5                                       LE2=0;
 794   5                                       start4=0xff;
 795   5                                   start5=0xff;
 796   5      
 797   5                                   c4e4=0xff;
 798   5                                   c5e4=0xff;
C51 COMPILER V9.00   TOGETHER                                                              09/26/2019 21:14:44 PAGE 14  

 799   5                                       r4=0;
 800   5                                       r5=0;
 801   5                                       ST=0;
 802   5                                   break;             
 803   5                         }
 804   4      
 805   4                      }
 806   3                 else if(cmdIndex==0x31)//动点选择
 807   3                  {
 808   4                               ST=1;
 809   4                               pin1=0xff;
 810   4                               cmdIndex=0x00;
 811   4                               dz1=0xff;
 812   4                               dz3=0x00;
 813   4                               dz2=0xff;
 814   4      
 815   4                               pin2=0xff;
 816   4                               d2z1=0xff;
 817   4                               d2z3=0x00;
 818   4                               d2z2=0xff;
 819   4      
 820   4                               pin3=0xff;
 821   4                               d3z1=0xff;
 822   4                               d3z3=0x00;
 823   4                               d3z2=0xff;
 824   4      
 825   4                               pin4=0xff;
 826   4                               d4z1=0xff;
 827   4                               d4z3=0x00;
 828   4                               d4z2=0xff;
 829   4      
 830   4                               pin5=0xff;
 831   4                               d5z1=0xff;
 832   4                               d5z3=0x00;
 833   4                               d5z2=0xff;
 834   4      
 835   4                               pin6=0xff;
 836   4                               d6z1=0xff;
 837   4                               d6z3=0x00;
 838   4                               d6z2=0xff;
 839   4      
 840   4                               while(1&ST)
 841   4                                {
 842   5                                  if(dz3>=0x01&&dz3<=0x04)  //第一片
 843   5                                      {
 844   6                                       if(dz3==0x01)
 845   6                                       {
 846   7                                       dz1=0xfd;
 847   7                                       dz2=dz4&dz1;
 848   7                                       dz4=dz2;
 849   7                                       dz3=0x00;
 850   7                                       }        
 851   6                                       if(dz3==0x02)
 852   6                                       {
 853   7                                       dz1=0xf7;
 854   7                                       dz2=dz4&dz1;
 855   7                                       dz4=dz2;
 856   7                                       dz3=0x00;                                                               
 857   7                                       }
 858   6                                       if(dz3==0x03)
 859   6                                       {
 860   7                                       dz1=0xdf;
C51 COMPILER V9.00   TOGETHER                                                              09/26/2019 21:14:44 PAGE 15  

 861   7                                       dz2=dz4&dz1;
 862   7                                       dz4=dz2;
 863   7                                       dz3=0x00;                                                               
 864   7                                       }
 865   6                                       if(dz3==0x04)
 866   6                                       {
 867   7                                       dz1=0x7f;
 868   7                                       dz2=dz4&dz1;
 869   7                                       dz4=dz2;
 870   7                                       dz3=0x00;                                                               
 871   7                                       }
 872   6                                       }
 873   5                                      if(d2z3>=0x05&&d2z3<=0x08)       //第二片
 874   5                                      {
 875   6                                      if(d2z3==0x05)
 876   6                                       {
 877   7                                       d2z1=0xfd;
 878   7                                       d2z2=d2z4&d2z1;
 879   7                                       d2z4=d2z2;
 880   7                                       d2z3=0x00;
 881   7                                       }        
 882   6                                       if(d2z3==0x06)
 883   6                                       {
 884   7                                       d2z1=0xf7;
 885   7                                       d2z2=d2z4&d2z1;
 886   7                                       d2z4=d2z2;
 887   7                                       d2z3=0x00;                                              
 888   7                                       }
 889   6                                       if(d2z3==0x07)
 890   6                                       {
 891   7                                       d2z1=0xdf;
 892   7                                       d2z2=d2z4&d2z1;
 893   7                                       d2z4=d2z2;
 894   7                                       d2z3=0x00;                                                              
 895   7                                       }
 896   6                                       if(d2z3==0x08)
 897   6                                       {
 898   7                                       d2z1=0x7f;
 899   7                                       d2z2=d2z4&d2z1;
 900   7                                       d2z4=d2z2;
 901   7                                       d2z3=0x00;                                                              
 902   7                                       }                               
 903   6                                      }
 904   5                                      if(d3z3>=0x09&&d3z3<=0x12)      //第三片
 905   5                                      {
 906   6                                       if(d3z3==0x09)
 907   6                                       {
 908   7                                       d3z1=0xfd;
 909   7                                       d3z2=d3z4&d3z1;
 910   7                                       d3z4=d3z2;
 911   7                                       d3z3=0x00;
 912   7                                       }        
 913   6                                       if(d3z3==0x10)
 914   6                                       {
 915   7                                       d3z1=0xf7;
 916   7                                       d3z2=d3z4&d3z1;
 917   7                                       d3z4=d3z2;
 918   7                                       d3z3=0x00;                                                              
 919   7                                       }
 920   6                                       if(d3z3==0x11)
 921   6                                       {d3z1=0xdf;
 922   7                                       d3z2=d3z4&d3z1;
C51 COMPILER V9.00   TOGETHER                                                              09/26/2019 21:14:44 PAGE 16  

 923   7                                       d3z4=d3z2;
 924   7                                       d3z3=0x00;                                                              
 925   7                                       }
 926   6                                       if(d3z3==0x12)
 927   6                                       {d3z1=0x7f;
 928   7                                       d3z2=d3z4&d3z1;
 929   7                                       d3z4=d3z2;
 930   7                                       d3z3=0x00;                                                              
 931   7                                       }                               
 932   6                                      } 
 933   5                      if(d4z3>=0x13&&d4z3<=0x16)       //第四片
 934   5                                      {
 935   6                                       if(d4z3==0x13)
 936   6                                       {
 937   7                                       d4z1=0xfd;
 938   7                                       d4z2=d4z4&d4z1;
 939   7                                       d4z4=d4z2;
 940   7                                       d4z3=0x00;
 941   7                                       }        
 942   6                                       if(d4z3==0x14)
 943   6                                       {
 944   7                                       d4z1=0xf7;
 945   7                                       d4z2=d4z4&d4z1;
 946   7                                       d4z4=d4z2;
 947   7                                       d4z3=0x00;                                                              
 948   7                                       }
 949   6                                       if(d4z3==0x15)
 950   6                                       {d4z1=0xdf;
 951   7                                       d4z2=d4z4&d4z1;
 952   7                                       d4z4=d4z2;
 953   7                                       d4z3=0x00;                                                              
 954   7                                       }
 955   6                                       if(d4z3==0x16)
 956   6                                       {d4z1=0x7f;
 957   7                                       d4z2=d4z4&d4z1;
 958   7                                       d4z4=d4z2;
 959   7                                       d4z3=0x00;                                                              
 960   7                                       }                               
 961   6                                      } 
 962   5                                      if(d5z3>=0x17&&d5z3<=0x20)       //第五片
 963   5                                      {
 964   6                                       if(d5z3==0x17)
 965   6                                       {
 966   7                                       d5z1=0xfd;
 967   7                                       d5z2=d5z4&d5z1;
 968   7                                       d5z4=d5z2;
 969   7                                       d5z3=0x00;
 970   7                                       }        
 971   6                                       if(d5z3==0x18)
 972   6                                       {
 973   7                                       d5z1=0xf7;
 974   7                                       d5z2=d5z4&d5z1;
 975   7                                       d5z4=d5z2;
 976   7                                       d5z3=0x00;                                                              
 977   7                                       }
 978   6                                       if(d5z3==0x19)
 979   6                                       {d5z1=0xef;
 980   7                                       d5z2=d5z4&d5z1;
 981   7                                       d5z4=d5z2;
 982   7                                       d5z3=0x00;                                                              
 983   7                                       }
 984   6                                       if(d5z3==0x20)
C51 COMPILER V9.00   TOGETHER                                                              09/26/2019 21:14:44 PAGE 17  

 985   6                                       {d5z1=0xbf;
 986   7                                       d5z2=d5z4&d5z1;
 987   7                                       d5z4=d5z2;
 988   7                                       d5z3=0x00;                                                              
 989   7                                       }                               
 990   6                                      } 
 991   5                                      if(d6z3>=0x21&&d6z3<=0x24)       //第六片
 992   5                                      {
 993   6                                       if(d6z3==0x21)
 994   6                                       {
 995   7                                       d6z1=0xfe;
 996   7                                       d6z2=d6z4&d6z1;
 997   7                                       d6z4=d6z2;
 998   7                                       d6z3=0x00;
 999   7                                       }        
1000   6                                       if(d6z3==0x22)
1001   6                                       {
1002   7                                       d6z1=0xfb;
1003   7                                       d6z2=d6z4&d6z1;
1004   7                                       d6z4=d6z2;
1005   7                                       d6z3=0x00;                                                              
1006   7                                       }
1007   6                                       if(d6z3==0x23)
1008   6                                       {d6z1=0xef;
1009   7                                       d6z2=d6z4&d6z1;
1010   7                                       d6z4=d6z2;
1011   7                                       d6z3=0x00;                                                              
1012   7                                       }
1013   6                                       if(d6z3==0x24)
1014   6                                       {d6z1=0xbf;
1015   7                                       d6z2=d6z4&d6z1;
1016   7                                       d6z4=d6z2;
1017   7                                       d6z3=0x00;                                                              
1018   7                                       }                               
1019   6                                      }                                        
1020   5                                       pin1=dz2;
1021   5                                       pin2=d2z2;
1022   5                                       pin3=d3z2; 
1023   5                                       pin4=d4z2;
1024   5                                       pin5=d5z2;
1025   5                                       pin6=d6z2;
1026   5                     if(cmdIndex==0x32)                //
1027   5                                 {
1028   6                                 if(pin1!=0xff)d1=1;
1029   6                                 if(pin2!=0xff)d2=1;
1030   6                                 if(pin3!=0xff)d3=1;
1031   6                                 if(pin4!=0xff)d4=1;
1032   6                                 if(pin5!=0xff)d5=1;
1033   6                                 if(pin6!=0xff)d6=1;
1034   6                                 ST=0;
1035   6                                 break;
1036   6                                 } 
1037   5                                }
1038   4                              }                 
1039   3                  else if(cmdIndex==0x32)     //动点启动
1040   3                  {
1041   4                                if(d1==0)pin1=0xff;
1042   4                                if(d2==0)pin2=0xff;
1043   4                                if(d3==0)pin3=0xff;
1044   4                                if(d4==0)pin4=0xff;
1045   4                                if(d5==0)pin5=0xff;
1046   4                                if(d6==0)pin6=0xff;
C51 COMPILER V9.00   TOGETHER                                                              09/26/2019 21:14:44 PAGE 18  

1047   4                                ST=1;
1048   4                                clear();
1049   4                                while(1&ST)
1050   4                                 {
1051   5                                  OEd=0;
1052   5                                  ind(pin6);
1053   5                                      ind(pin5);
1054   5                                      ind(pin4);
1055   5                                      ind(pin3);
1056   5                                      ind(pin2);
1057   5                                      ind(pin1);
1058   5                                      outd();
1059   5                                      Delay10ms(7);
1060   5                     sleep();
1061   5                                      pin1=0xff;
1062   5                                      pin2=0xff;
1063   5                                      pin3=0xff;
1064   5                                      pin4=0xff;
1065   5                                      pin5=0xff;
1066   5                                      pin6=0xff;
1067   5                                      dz4=0xff;
1068   5                                  d2z4=0xff;
1069   5                                  d3z4=0xff;
1070   5                                      d4z4=0xff;
1071   5                                  d5z4=0xff;
1072   5                                  d6z4=0xff;
1073   5                                      d1=0;
1074   5                                      d2=0;
1075   5                                      d3=0;
1076   5                                      d4=0;
1077   5                                      d5=0;
1078   5                                      d6=0;
1079   5                                      ST=0;
1080   5                                      cmdIndex=0;
1081   5                                  break;
1082   5                                }     
1083   4                              }
1084   3                else if(cmdIndex==0x35)//动点清屏
1085   3                      {
1086   4                                       OEd=0;
1087   4                           ind(0xff);
1088   4                                               ind(0xff);
1089   4                           ind(0xff);
1090   4                           ind(0xff);
1091   4                           ind(0xff);
1092   4                           ind(0xaa);
1093   4                           outd();
1094   4                           Delay10ms(10);
1095   4                                               ind(0xff);
1096   4                                               ind(0xff);
1097   4                           ind(0xff);
1098   4                                               ind(0xff);
1099   4                           ind(0xaa);
1100   4                           ind(0xff);
1101   4                           outd();
1102   4                                               Delay10ms(10);
1103   4                           ind(0xff);
1104   4                                               ind(0xff);
1105   4                           ind(0xff);
1106   4                                               ind(0xaa);
1107   4                           ind(0xff);
1108   4                           ind(0xff);
C51 COMPILER V9.00   TOGETHER                                                              09/26/2019 21:14:44 PAGE 19  

1109   4                           outd();
1110   4                           Delay10ms(10);
1111   4                                               ind(0xff);
1112   4                                               ind(0xff);
1113   4                           ind(0xaa);
1114   4                                               ind(0xff);
1115   4                           ind(0xff);
1116   4                           ind(0xff);
1117   4                           outd();
1118   4                           Delay10ms(10);
1119   4                                               ind(0xff);
1120   4                                               ind(0x5a);
1121   4                           ind(0xff);
1122   4                                               ind(0xff);
1123   4                           ind(0xff);
1124   4                           ind(0xff);
1125   4                           outd();
1126   4                           Delay10ms(10);
1127   4                                               ind(0x55);
1128   4                                               ind(0xff);
1129   4                           ind(0xff);
1130   4                                               ind(0xff);
1131   4                           ind(0xff);
1132   4                           ind(0xff);
1133   4                           outd();
1134   4                           Delay10ms(10);
1135   4                                               cmdIndex=0;
1136   4                                               sleep();
1137   4               
1138   4                              }
1139   3                              else if(cmdIndex==0x40)//延迟
1140   3                              {
1141   4                          
1142   4                              int f;
1143   4                              cmdIndex=0x00;
1144   4                              ST=1;
1145   4                              while(1&ST)
1146   4                              {
1147   5                         if(ys==0x01)
1148   5                                       {
1149   6                                       f=5;
1150   6                                       ys=0x00;
1151   6                                       }                
1152   5                         if(ys==0x02)
1153   5                                       {
1154   6                                       f=7;
1155   6                                                               ys=0x00;
1156   6                                       }
1157   5                         if(ys==0x03)
1158   5                                       {
1159   6                                       f=15;
1160   6                                                               ys=0x00;
1161   6                                       }
1162   5                         if(ys==0x04)
1163   5                                       {
1164   6                                       f=9;
1165   6                                                               ys=0x00;
1166   6                                       }
1167   5                         if(ys==0x05)
1168   5                                       {
1169   6                                       f=11;
1170   6                                                               ys=0x00;
C51 COMPILER V9.00   TOGETHER                                                              09/26/2019 21:14:44 PAGE 20  

1171   6                                       }
1172   5                         if(ys==0x06)
1173   5                                       {
1174   6                                       f=13;
1175   6                                                               ys=0x00;
1176   6                                       }
1177   5                         if(ys==0x07)
1178   5                                       {
1179   6                                       f=15;
1180   6                                                               ys=0x00;
1181   6                                       }
1182   5                        if(ys==0x08)
1183   5                                       {
1184   6                                       f=17;
1185   6                                                               ys=0x00;
1186   6                                       }
1187   5                       if(ys==0x09)
1188   5                                       {
1189   6                                       f=19;
1190   6                                                               ys=0x00;
1191   6                                       }
1192   5                      if(ys==0x10)
1193   5                                       {
1194   6                                       f=21;
1195   6                                                               ys=0x00;
1196   6                                       } 
1197   5                              if(cmdIndex==0x42)
1198   5                              {
1199   6      
1200   6                  Delay10ms(f);
1201   6                              cmdIndex=0x00;
1202   6              ST=0;
1203   6              break;
1204   6                       }      }
1205   4                              }                                               
1206   3                              }         
1207   2              } 
1208   1           }                                            
1209          void time0(void) interrupt 1     //定时器中断函数
1210           {
1211   1          TH0=(65536-500)/256;
1212   1              TL0=(65536-500)%256;
1213   1              ++t;
1214   1              ++t2;
1215   1              ++t3;
1216   1          ++t4;
1217   1              ++t5;
1218   1              
1219   1              if(t>20)
1220   1                {
1221   2                t=0;
1222   2                }
1223   1              if(t<zkb)
1224   1                {
1225   2                 OE=0;
1226   2                }
1227   1              else 
1228   1                {
1229   2                  OE=1;
1230   2                }
1231   1      
1232   1      
C51 COMPILER V9.00   TOGETHER                                                              09/26/2019 21:14:44 PAGE 21  

1233   1                if(t2>20)
1234   1                {
1235   2                t2=0;
1236   2                }
1237   1      if(t2<zkb2)
1238   1                {
1239   2                 OE1=0;
1240   2                }
1241   1      else 
1242   1                {
1243   2                  OE1=1;
1244   2                }
1245   1      
1246   1      
1247   1              if(t3>20)
1248   1                {
1249   2                t3=0;
1250   2                }
1251   1              if(t3<zkb3)
1252   1                {
1253   2                 OE2=0;
1254   2                }
1255   1              else 
1256   1                {
1257   2                  OE2=1;
1258   2                }      
1259   1                      
1260   1                      if(t4>20)
1261   1                {
1262   2                t4=0;
1263   2                }
1264   1              if(t4<zkb4)
1265   1                {
1266   2                 OE31=0;
1267   2                }
1268   1              else 
1269   1                {
1270   2                  OE31=1;
1271   2                }
1272   1      
1273   1      
1274   1              if(t5>20)
1275   1                {
1276   2                t5=0;
1277   2                }
1278   1              if(t5<zkb5)
1279   1                {
1280   2                 OE32=0;
1281   2                }
1282   1              else 
1283   1                {
1284   2                  OE32=1;
1285   2                }
1286   1        }


MODULE INFORMATION:   STATIC OVERLAYABLE
   CODE SIZE        =   3096    ----
   CONSTANT SIZE    =   ----    ----
   XDATA SIZE       =   ----    ----
   PDATA SIZE       =   ----    ----
   DATA SIZE        =     80       2
C51 COMPILER V9.00   TOGETHER                                                              09/26/2019 21:14:44 PAGE 22  

   IDATA SIZE       =   ----    ----
   BIT SIZE         =      1    ----
END OF MODULE INFORMATION.


C51 COMPILATION COMPLETE.  0 WARNING(S),  0 ERROR(S)
